
 Fire Dynamics Simulator

 Current Date     : September  2, 2026  01:50:16
 Revision         : FDS-6.11.1-0-gff928db-release
 Revision Date    : Thu Jul 9 17:24:07 2026 -0400
 Compiler         : Intel(R) Fortran Intel(R) 64 Compiler Classic for applications running on Intel(R) 64, Version 2021.10.0 Build 20230609_000000
 Compilation Date : Jul 10, 2026  12:51:24

 Number of MPI Processes:  1
 Number of OpenMP Threads: 5

 MPI version: 3.1
 MPI library version: Open MPI v5.0.10, package: Open MPI mnv@wildfire.campus.nist.gov Distribution, ident: 5.0.10, repo rev: v5.0.10, Feb 23, 2026
 Hypre library version: v3.0.0
 Sundials library version: v7.5.0

 Job TITLE        : candle compartment -- 1 candle(s), near-fire dx=5.0 mm, SEALED box
 Job ID string    : candle_medium_dx5


 Grid Dimensions, Mesh     1

   Cells in the X Direction           200
   Cells in the Y Direction            60
   Cells in the Z Direction           100
   Number of Grid Cells           1200000


 Physical Dimensions, Mesh     1

   Length (m)                       1.000
   Width  (m)                       0.300
   Height (m)                       0.500

 Miscellaneous Parameters

   Total Number of Grid Cells     1200000
   Maximum Cell Aspect Ratio        1.000
   Initial Time Step (s)            0.011
   CFL Velocity Norm                    2
   Simulation Start Time (s)          0.0
   Simulation End Time (s)          250.0
   Background Pressure (Pa)     101325.00
   Ambient Temperature (C)          25.00

   3D Cartesian
   VLES Calculation
   Eddy Viscosity Model:  Deardorff (C_DEARDORFF = 0.10)
   Surface INERT Eddy Viscosity Model:  WALE (C_WALE = 0.60)
   Surface CANDLE_FLAME Eddy Viscosity Model:  WALE (C_WALE = 0.60)
   Surface ACRYLIC_WALL Eddy Viscosity Model:  WALE (C_WALE = 0.60)
   Turbulent Prandtl Number:         0.50
   Turbulent Schmidt Number:         0.50


 Pressure solver information

   Solver:                            FFT
   Velocity tolerance (m/s):    2.500E-03
   Press eqn res tol (1/s^2):   8.000E+05
   Max pressure iterations:            10


 Background Stratification

      Z (m)     P_0 (Pa)    TMP_0 (C)
   ------------------------------------
        0.50    101319.27     25.00
        0.49    101319.33     25.00
        0.49    101319.39     25.00
        0.48    101319.45     25.00
        0.48    101319.50     25.00
        0.47    101319.56     25.00
        0.47    101319.62     25.00
        0.46    101319.68     25.00
        0.46    101319.73     25.00
        0.45    101319.79     25.00
        0.45    101319.85     25.00
        0.44    101319.91     25.00
        0.44    101319.96     25.00
        0.43    101320.02     25.00
        0.43    101320.08     25.00
        0.42    101320.14     25.00
        0.42    101320.19     25.00
        0.41    101320.25     25.00
        0.41    101320.31     25.00
        0.40    101320.37     25.00
        0.40    101320.42     25.00
        0.39    101320.48     25.00
        0.39    101320.54     25.00
        0.38    101320.60     25.00
        0.38    101320.65     25.00
        0.37    101320.71     25.00
        0.37    101320.77     25.00
        0.36    101320.83     25.00
        0.36    101320.88     25.00
        0.35    101320.94     25.00
        0.35    101321.00     25.00
        0.34    101321.06     25.00
        0.34    101321.11     25.00
        0.33    101321.17     25.00
        0.33    101321.23     25.00
        0.32    101321.29     25.00
        0.32    101321.34     25.00
        0.31    101321.40     25.00
        0.31    101321.46     25.00
        0.30    101321.52     25.00
        0.30    101321.57     25.00
        0.29    101321.63     25.00
        0.29    101321.69     25.00
        0.28    101321.75     25.00
        0.28    101321.80     25.00
        0.27    101321.86     25.00
        0.27    101321.92     25.00
        0.26    101321.98     25.00
        0.26    101322.03     25.00
        0.25    101322.09     25.00
        0.25    101322.15     25.00
        0.24    101322.21     25.00
        0.24    101322.27     25.00
        0.23    101322.32     25.00
        0.23    101322.38     25.00
        0.22    101322.44     25.00
        0.22    101322.50     25.00
        0.21    101322.55     25.00
        0.21    101322.61     25.00
        0.20    101322.67     25.00
        0.20    101322.73     25.00
        0.19    101322.78     25.00
        0.19    101322.84     25.00
        0.18    101322.90     25.00
        0.18    101322.96     25.00
        0.17    101323.01     25.00
        0.17    101323.07     25.00
        0.16    101323.13     25.00
        0.16    101323.19     25.00
        0.15    101323.24     25.00
        0.15    101323.30     25.00
        0.14    101323.36     25.00
        0.14    101323.42     25.00
        0.13    101323.47     25.00
        0.13    101323.53     25.00
        0.12    101323.59     25.00
        0.12    101323.65     25.00
        0.11    101323.70     25.00
        0.11    101323.76     25.00
        0.10    101323.82     25.00
        0.10    101323.88     25.00
        0.09    101323.93     25.00
        0.09    101323.99     25.00
        0.08    101324.05     25.00
        0.08    101324.11     25.00
        0.07    101324.16     25.00
        0.07    101324.22     25.00
        0.06    101324.28     25.00
        0.06    101324.34     25.00
        0.05    101324.39     25.00
        0.05    101324.45     25.00
        0.04    101324.51     25.00
        0.04    101324.57     25.00
        0.03    101324.62     25.00
        0.03    101324.68     25.00
        0.02    101324.74     25.00
        0.02    101324.80     25.00
        0.01    101324.85     25.00
        0.01    101324.91     25.00
        0.00    101324.97     25.00


 Mass Fraction Transformation Matrix to Convert Species Mixtures (Columns) to Primitive Species (Rows)

                         AIR       PRODUCTS  PARAFFIN
   NITROGEN              0.760861  0.712893  0.000000
   OXYGEN                0.230510  0.000000  0.000000
   CARBON DIOXIDE        0.000590  0.195278  0.000000
   WATER VAPOR           0.008039  0.091261  0.000000
   CARBON MONOXIDE       0.000000  0.000063  0.000000
   SOOT                  0.000000  0.000504  0.000000
   HYDROGEN              0.000000  0.000000  0.000000
   HYDROGEN CYANIDE      0.000000  0.000000  0.000000
   PARAFFIN              0.000000  0.000000  1.000000


 Primitive Species Information

   NITROGEN
   Gas Species
   Molecular Weight (g/mol)                28.01340
   Ambient Density (kg/m^3)                1.145
           Enthalpy of Formation (J/kg)  0.000E+00

   OXYGEN
   Gas Species
   Molecular Weight (g/mol)                31.99880
   Ambient Density (kg/m^3)                1.308
           Enthalpy of Formation (J/kg)  0.000E+00

   CARBON DIOXIDE
   Gas Species
   Molecular Weight (g/mol)                44.00950
   Ambient Density (kg/m^3)                1.799
           Enthalpy of Formation (J/kg) -8.941E+06

   WATER VAPOR
   Gas Species
   Molecular Weight (g/mol)                18.01528
   Ambient Density (kg/m^3)                0.736
           Enthalpy of Formation (J/kg) -1.342E+07

   CARBON MONOXIDE
   Gas Species
   Molecular Weight (g/mol)                28.01010
   Ambient Density (kg/m^3)                1.145
           Enthalpy of Formation (J/kg) -3.946E+06

   SOOT
   Gas Species
   Molecular Weight (g/mol)                12.01070
   Ambient Density (kg/m^3)                0.491
           Enthalpy of Formation (J/kg)  0.000E+00

   HYDROGEN
   Gas Species
   Molecular Weight (g/mol)                 2.01588
   Ambient Density (kg/m^3)                0.082
           Enthalpy of Formation (J/kg)  0.000E+00

   HYDROGEN CYANIDE
   Gas Species
   Molecular Weight (g/mol)                27.02534
   Ambient Density (kg/m^3)                1.105
           Enthalpy of Formation (J/kg)  4.924E+06

   PARAFFIN
   Gas Species
   Molecular Weight (g/mol)               352.68038
   Ambient Density (kg/m^3)               14.415
   Assumed Enthalpy of Formation (J/kg) -3.450E+06


 Tracked (Lumped) Species Information

   AIR
   Molecular Weight (g/mol)            28.71586
   Ambient Density (kg/m^3)            1.174
   Initial Mass Fraction               1.000
   Enthalpy of Formation (J/kg)     -1.132E+05

   Sub Species                    Mass Fraction     Mole Fraction
   NITROGEN                       7.608605E-01      7.799397E-01
   OXYGEN                         2.305098E-01      2.068605E-01
   CARBON DIOXIDE                 5.902165E-04      3.851117E-04
   WATER VAPOR                    8.039473E-03      1.281470E-02
 
     Viscosity (kg/m/s) Ambient,  298 K:  1.816E-05
                                  500 K:  2.610E-05
                                 1000 K:  4.124E-05
                                 1500 K:  5.371E-05
                                 2000 K:  6.476E-05
   Therm. Cond. (W/m/K) Ambient,  298 K:  2.587E-02
                                  500 K:  3.813E-02
                                 1000 K:  6.690E-02
                                 1500 K:  9.261E-02
                                 2000 K:  1.155E-01
        Enthalpy (J/kg) Ambient,  298 K: -1.132E+05
                                  500 K:  9.439E+04
                                 1000 K:  6.454E+05
                                 1500 K:  1.245E+06
                                 2000 K:  1.872E+06
    Spec. Heat (J/kg/K) Ambient,  298 K:  1.018E+03
                                  500 K:  1.044E+03
                                 1000 K:  1.158E+03
                                 1500 K:  1.232E+03
                                 2000 K:  1.273E+03
   Diff. Coeff. (m^2/s) Ambient,  298 K:  2.050E-05
                                  500 K:  4.964E-05
                                 1000 K:  1.582E-04
                                 1500 K:  3.098E-04
                                 2000 K:  4.989E-04
     Gibbs Energy Amb. (kJ/mol),  298 K: -6.020E+01
                                  500 K: -1.012E+02
                                 1000 K: -2.122E+02
                                 1500 K: -3.317E+02
                                 2000 K: -4.573E+02

   PRODUCTS
   Molecular Weight (g/mol)            28.57512
   Ambient Density (kg/m^3)            1.168
   Initial Mass Fraction               0.000
   Enthalpy of Formation (J/kg)     -2.971E+06

   Sub Species                    Mass Fraction     Mole Fraction
   NITROGEN                       7.128934E-01      7.271883E-01
   CARBON DIOXIDE                 1.952784E-01      1.267932E-01
   WATER VAPOR                    9.126079E-02      1.447543E-01
   CARBON MONOXIDE                6.304323E-05      6.431495E-05
   SOOT                           5.043458E-04      1.199909E-03
   HYDROGEN CYANIDE               0.000000E+00      0.000000E+00
 
     Viscosity (kg/m/s) Ambient,  298 K:  1.641E-05
                                  500 K:  2.399E-05
                                 1000 K:  3.900E-05
                                 1500 K:  5.144E-05
                                 2000 K:  6.240E-05
   Therm. Cond. (W/m/K) Ambient,  298 K:  2.370E-02
                                  500 K:  3.614E-02
                                 1000 K:  6.682E-02
                                 1500 K:  9.554E-02
                                 2000 K:  1.212E-01
        Enthalpy (J/kg) Ambient,  298 K: -2.971E+06
                                  500 K: -2.749E+06
                                 1000 K: -2.145E+06
                                 1500 K: -1.475E+06
                                 2000 K: -7.654E+05
    Spec. Heat (J/kg/K) Ambient,  298 K:  1.076E+03
                                  500 K:  1.130E+03
                                 1000 K:  1.283E+03
                                 1500 K:  1.386E+03
                                 2000 K:  1.446E+03
   Diff. Coeff. (m^2/s) Ambient,  298 K:  2.002E-05
                                  500 K:  4.925E-05
                                 1000 K:  1.588E-04
                                 1500 K:  3.122E-04
                                 2000 K:  5.035E-04
     Gibbs Energy Amb. (kJ/mol),  298 K: -1.572E+02
                                  500 K: -1.985E+02
                                 1000 K: -3.112E+02
                                 1500 K: -4.337E+02
                                 2000 K: -5.630E+02

   PARAFFIN
   Molecular Weight (g/mol)           352.68038
   Ambient Density (kg/m^3)           14.415
   Initial Mass Fraction               0.000
   Enthalpy of Formation (J/kg)     -3.450E+06

   Sub Species                    Mass Fraction     Mole Fraction
   PARAFFIN                       1.000000E+00      1.000000E+00
 
     Viscosity (kg/m/s) Ambient,  298 K:  6.248E-05
                                  500 K:  8.912E-05
                                 1000 K:  1.401E-04
                                 1500 K:  1.822E-04
                                 2000 K:  2.196E-04
   Therm. Cond. (W/m/K) Ambient,  298 K:  7.262E-03
                                  500 K:  1.036E-02
                                 1000 K:  1.628E-02
                                 1500 K:  2.118E-02
                                 2000 K:  2.553E-02
        Enthalpy (J/kg) Ambient,  298 K: -3.450E+06
                                  500 K: -3.433E+06
                                 1000 K: -3.392E+06
                                 1500 K: -3.351E+06
                                 2000 K: -3.309E+06
    Spec. Heat (J/kg/K) Ambient,  298 K:  8.251E+01
                                  500 K:  8.251E+01
                                 1000 K:  8.251E+01
                                 1500 K:  8.251E+01
                                 2000 K:  8.251E+01
   Diff. Coeff. (m^2/s) Ambient,  298 K:  1.502E-05
                                  500 K:  3.625E-05
                                 1000 K:  1.152E-04
                                 1500 K:  2.256E-04
                                 2000 K:  3.632E-04


 Gas Phase Reaction Information

   Solver Details:  

      ODE Solver:  EXPLICIT EULER

      Fuel                                           Heat of Combustion (kJ/kg)
      PARAFFIN                                                       42000.0000
      EPUMO2:                                                        12259.6702

      Primitive Species Stoich. Coeff.
      Species ID                                                          Molar
      OXYGEN                                                         -37.758794
      CARBON DIOXIDE                                                  24.752498
      WATER VAPOR                                                     26.000000
      CARBON MONOXIDE                                                  0.012591
      SOOT                                                             0.234911
      PARAFFIN                                                        -1.000000

      Tracked (Lumped) Species Stoich. Coeff.
      Species ID                                             Molar         Mass
      AIR                                              -182.532662   -14.862132
      PRODUCTS                                          195.773868    15.862132
      PARAFFIN                                           -1.000000    -1.000000

      Reaction Kinetics

      Fast chemistry

      Extinction Model:  EXTINCTION 1
      Auto-Ignition Temperature (C):            -273.1
      Critical Flame Temperature (C):           1427.0

      Prescribed Radiative Fraction:             0.250


 Material Information

   1 PMMA
     Emissivity:                                  0.900
     Density (kg/m3):                            1180.0
     Specific Heat (kJ/kg/K) Ambient,  298 K:  1.470E+00
                                       350 K:  1.470E+00
                                       500 K:  1.470E+00
                                       800 K:  1.470E+00
     Therm. Cond. (W/m/K) Ambient,     298 K:  1.900E-01
                                       350 K:  1.900E-01
                                       500 K:  1.900E-01
                                       800 K:  1.900E-01
     Enthalpy (kJ/kg) Ambient,         298 K:  4.381E+02
                                       350 K:  5.145E+02
                                       500 K:  7.350E+02
                                       800 K:  1.176E+03


 Surface Conditions

   0 INERT (DEFAULT)

   1 CANDLE_FLAME
     HRR Per Unit Area (kW/m2)         14.7
     PARAFFIN Mass Flux (kg/s/m2)   3.498E-04

   2 ACRYLIC_WALL
     Material List
          1  PMMA
     Layer  1
        Thickness   (m):  0.01000
        Density (kg/m3):  1180.00
        PMMA, Mass fraction:    1.00
     Reaction products considered from the first -1.00 layers.
     Total surface density    11.800 kg/m2
     Solid Phase Node, Layer, Coordinates(m):
                    0      1       0.0000000
                    1      1       0.0002174
                    2      1       0.0006522
                    3      1       0.0015217
                    4      1       0.0032609
                    5      1       0.0067391
                    6      1       0.0084783
                    7      1       0.0093478
                    8      1       0.0097826
                    9      1       0.0100000
     Exposed Backing

   3 OPEN
     Passive Vent to Atmosphere

   4 MIRROR
     Symmetry Plane

   5 INTERPOLATED

   6 PERIODIC

   7 HVAC

   8 MASSLESS TRACER

   9 DROPLET

  10 MASSLESS TARGET

  11 PERIODIC FLOW ONLY


 Lagrangian Particle Classes


 PROPerty Information

   1 TCbead
     Smokeview ID                sensor


 Cut-off Density and Temperature

    Minimum Temperature:  -259.1 C
    Maximum Temperature:  2726.8 C
    Minimum Density:  1.000E-02 kg/m3
    Maximum Density:  1.000E+02 kg/m3


 Device Information

   1 ID: T1
     QUANTITY: THERMOCOUPLE
     Coordinates (X,Y,Z):    1.200000E-01    1.500000E-01    5.000000E-02
     TEMPORAL STATISTIC: TIME AVERAGE
  Property ID: TCbead
   2 ID: T1_gas
     QUANTITY: TEMPERATURE
     Coordinates (X,Y,Z):    1.200000E-01    1.500000E-01    5.000000E-02
     TEMPORAL STATISTIC: TIME AVERAGE
   3 ID: T2
     QUANTITY: THERMOCOUPLE
     Coordinates (X,Y,Z):    1.200000E-01    1.500000E-01    1.600000E-01
     TEMPORAL STATISTIC: TIME AVERAGE
  Property ID: TCbead
   4 ID: T2_gas
     QUANTITY: TEMPERATURE
     Coordinates (X,Y,Z):    1.200000E-01    1.500000E-01    1.600000E-01
     TEMPORAL STATISTIC: TIME AVERAGE
   5 ID: T3
     QUANTITY: THERMOCOUPLE
     Coordinates (X,Y,Z):    1.200000E-01    1.500000E-01    2.250000E-01
     TEMPORAL STATISTIC: TIME AVERAGE
  Property ID: TCbead
   6 ID: T3_gas
     QUANTITY: TEMPERATURE
     Coordinates (X,Y,Z):    1.200000E-01    1.500000E-01    2.250000E-01
     TEMPORAL STATISTIC: TIME AVERAGE
   7 ID: T5
     QUANTITY: THERMOCOUPLE
     Coordinates (X,Y,Z):    3.500000E-01    1.500000E-01    2.250000E-01
     TEMPORAL STATISTIC: TIME AVERAGE
  Property ID: TCbead
   8 ID: T5_gas
     QUANTITY: TEMPERATURE
     Coordinates (X,Y,Z):    3.500000E-01    1.500000E-01    2.250000E-01
     TEMPORAL STATISTIC: TIME AVERAGE
   9 ID: T9
     QUANTITY: THERMOCOUPLE
     Coordinates (X,Y,Z):    7.000000E-01    1.500000E-01    1.500000E-02
     TEMPORAL STATISTIC: TIME AVERAGE
  Property ID: TCbead
  10 ID: T9_gas
     QUANTITY: TEMPERATURE
     Coordinates (X,Y,Z):    7.000000E-01    1.500000E-01    1.500000E-02
     TEMPORAL STATISTIC: TIME AVERAGE
  11 ID: T10
     QUANTITY: THERMOCOUPLE
     Coordinates (X,Y,Z):    7.000000E-01    1.500000E-01    7.500000E-02
     TEMPORAL STATISTIC: TIME AVERAGE
  Property ID: TCbead
  12 ID: T10_gas
     QUANTITY: TEMPERATURE
     Coordinates (X,Y,Z):    7.000000E-01    1.500000E-01    7.500000E-02
     TEMPORAL STATISTIC: TIME AVERAGE
  13 ID: T11
     QUANTITY: THERMOCOUPLE
     Coordinates (X,Y,Z):    7.000000E-01    1.500000E-01    1.400000E-01
     TEMPORAL STATISTIC: TIME AVERAGE
  Property ID: TCbead
  14 ID: T11_gas
     QUANTITY: TEMPERATURE
     Coordinates (X,Y,Z):    7.000000E-01    1.500000E-01    1.400000E-01
     TEMPORAL STATISTIC: TIME AVERAGE
  15 ID: HRR
     QUANTITY: HRRPUV
     Coordinates (X,Y,Z):    5.000000E-01    1.500000E-01    2.500000E-01
     SPATIAL STATISTIC: VOLUME INTEGRAL
     TEMPORAL STATISTIC: TIME AVERAGE
  16 ID: O2_room
     QUANTITY: VOLUME FRACTION
     Species ID: OXYGEN
     Coordinates (X,Y,Z):    3.500000E-01    1.500000E-01    1.150000E-01
     TEMPORAL STATISTIC: TIME AVERAGE
  17 ID: p_box
     QUANTITY: PRESSURE
     Coordinates (X,Y,Z):    5.000000E-01    1.500000E-01    4.000000E-01
     TEMPORAL STATISTIC: TIME AVERAGE


 Slice File Information, Mesh     1

   1 Nodes:   0 200  31  31   0 100, Quantity: TEMPERATURE
   2 Nodes:   0 200  30  30   0 100, Quantity: VELOCITY
   3 Nodes:   0 200  30  30   0 100, Quantity: U-VELOCITY
   4 Nodes:   0 200  30  30   0 100, Quantity: V-VELOCITY
   5 Nodes:   0 200  30  30   0 100, Quantity: W-VELOCITY


 Boundary File Information

   1 Quantity: WALL TEMPERATURE


 Radiation Model Information

   Number of control angles  104
   Time step increment         3
   Angle increment             5
   Theta band N_phi   Solid angle
     1:        4     0.120
     2:       12     0.114
     3:       16     0.127
     4:       20     0.120
     5:       20     0.120
     6:       16     0.127
     7:       12     0.114
     8:        4     0.120
   Using gray gas absorption.
   Mean beam length  1.000E-01 m


 Pressure Zone Information

   1 Volume: 1.4724E-01 m3, Cells: 1177942, Mesh: 1, Indices: (200,60,100)
 
 

 Run Time Diagnostics

       Time Step        1   September  2, 2026  01:50:20
       Step Size:  0.113E-01 s, Total Time:    0.01129 s
       Pressure Iterations: 1
       Maximum Velocity Error:  0.15E-02 on Mesh 1 at (142,29,48)
       Maximum Pressure Error:  0.27E-04 on Mesh 1 at (140,6,19)
       Maximum CFL Number    :  0.57E-01 on Mesh 1 at (65,23,58)
       Maximum VN Number     :  0.16E+00 on Mesh 1 at (140,7,18)
       ---------------------------------------------------------------
       Max CFL number:  0.57E-01 at (65,23,58)
       Max divergence:  0.19E-05 at (129,47,2)
       Min divergence: -0.21E-05 at (95,42,99)
       Max VN number :  0.16E+00 at (140,7,18)
 
       Time Step        2   September  2, 2026  01:50:21
       Step Size:  0.113E-01 s, Total Time:    0.02258 s
       Pressure Iterations: 1
       Maximum Velocity Error:  0.12E-02 on Mesh 1 at (140,23,7)
       Maximum Pressure Error:  0.23E-04 on Mesh 1 at (143,45,11)
       Maximum CFL Number    :  0.54E-01 on Mesh 1 at (48,12,97)
       Maximum VN Number     :  0.15E+00 on Mesh 1 at (17,32,49)
       ---------------------------------------------------------------
       Max CFL number:  0.54E-01 at (48,12,97)
       Max divergence:  0.18E-05 at (80,6,50)
       Min divergence: -0.21E-05 at (95,42,99)
       Max VN number :  0.15E+00 at (17,32,49)
 
       Time Step        3   September  2, 2026  01:50:22
       Step Size:  0.113E-01 s, Total Time:    0.03387 s
       Pressure Iterations: 1
       Maximum Velocity Error:  0.50E-03 on Mesh 1 at (140,11,46)
       Maximum Pressure Error:  0.73E-05 on Mesh 1 at (140,6,45)
       Maximum CFL Number    :  0.51E-01 on Mesh 1 at (48,12,97)
       Maximum VN Number     :  0.15E+00 on Mesh 1 at (17,32,49)
       ---------------------------------------------------------------
       Max CFL number:  0.51E-01 at (48,12,97)
       Max divergence:  0.41E-05 at (18,31,3)
       Min divergence: -0.20E-05 at (95,42,99)
       Max VN number :  0.15E+00 at (17,32,49)
 
       Time Step        4   September  2, 2026  01:50:23
       Step Size:  0.113E-01 s, Total Time:    0.04516 s
       Pressure Iterations: 1
       Maximum Velocity Error:  0.23E-03 on Mesh 1 at (140,12,46)
       Maximum Pressure Error:  0.31E-05 on Mesh 1 at (140,12,47)
       Maximum CFL Number    :  0.49E-01 on Mesh 1 at (48,12,97)
       Maximum VN Number     :  0.15E+00 on Mesh 1 at (17,32,49)
       ---------------------------------------------------------------
       Max CFL number:  0.49E-01 at (48,12,97)
       Max divergence:  0.88E-05 at (16,32,3)
       Min divergence: -0.19E-05 at (95,42,99)
       Max VN number :  0.15E+00 at (17,32,49)
 
       Time Step        5   September  2, 2026  01:50:24
       Step Size:  0.113E-01 s, Total Time:    0.05645 s
       Pressure Iterations: 1
       Maximum Velocity Error:  0.12E-03 on Mesh 1 at (140,19,46)
       Maximum Pressure Error:  0.17E-05 on Mesh 1 at (140,19,47)
       Maximum CFL Number    :  0.47E-01 on Mesh 1 at (88,29,94)
       Maximum VN Number     :  0.14E+00 on Mesh 1 at (17,32,49)
       ---------------------------------------------------------------
       Max CFL number:  0.47E-01 at (88,29,94)
       Max divergence:  0.16E-04 at (16,32,3)
       Min divergence: -0.18E-05 at (43,15,99)
       Max VN number :  0.14E+00 at (17,32,49)
 
       Time Step        6   September  2, 2026  01:50:26
       Step Size:  0.113E-01 s, Total Time:    0.06774 s
       Pressure Iterations: 1
       Maximum Velocity Error:  0.10E-03 on Mesh 1 at (142,35,30)
       Maximum Pressure Error:  0.17E-05 on Mesh 1 at (20,32,2)
       Maximum CFL Number    :  0.45E-01 on Mesh 1 at (88,29,94)
       Maximum VN Number     :  0.14E+00 on Mesh 1 at (17,32,49)
       ---------------------------------------------------------------
       Max CFL number:  0.45E-01 at (88,29,94)
       Max divergence:  0.25E-04 at (18,30,3)
       Min divergence: -0.18E-05 at (43,15,99)
       Max VN number :  0.14E+00 at (17,32,49)
 
       Time Step        7   September  2, 2026  01:50:27
       Step Size:  0.113E-01 s, Total Time:    0.07903 s
       Pressure Iterations: 1
       Maximum Velocity Error:  0.76E-04 on Mesh 1 at (140,17,46)
       Maximum Pressure Error:  0.14E-05 on Mesh 1 at (18,31,3)
       Maximum CFL Number    :  0.43E-01 on Mesh 1 at (88,29,94)
       Maximum VN Number     :  0.14E+00 on Mesh 1 at (17,32,49)
       ---------------------------------------------------------------
       Max CFL number:  0.43E-01 at (88,29,94)
       Max divergence:  0.37E-04 at (18,30,3)
       Min divergence: -0.17E-05 at (43,15,99)
       Max VN number :  0.14E+00 at (17,32,49)
 
       Time Step        8   September  2, 2026  01:50:28
       Step Size:  0.113E-01 s, Total Time:    0.09032 s
       Pressure Iterations: 1
       Maximum Velocity Error:  0.61E-04 on Mesh 1 at (140,19,46)
       Maximum Pressure Error:  0.93E-06 on Mesh 1 at (140,19,47)
       Maximum CFL Number    :  0.41E-01 on Mesh 1 at (88,29,94)
       Maximum VN Number     :  0.14E+00 on Mesh 1 at (17,32,49)
       ---------------------------------------------------------------
       Max CFL number:  0.41E-01 at (88,29,94)
       Max divergence:  0.52E-04 at (19,30,3)
       Min divergence: -0.17E-05 at (43,15,99)
       Max VN number :  0.14E+00 at (17,32,49)
 
       Time Step        9   September  2, 2026  01:50:29
       Step Size:  0.113E-01 s, Total Time:    0.10161 s
       Pressure Iterations: 1
       Maximum Velocity Error:  0.33E-04 on Mesh 1 at (140,20,46)
       Maximum Pressure Error:  0.13E-05 on Mesh 1 at (20,31,3)
       Maximum CFL Number    :  0.39E-01 on Mesh 1 at (88,29,94)
       Maximum VN Number     :  0.13E+00 on Mesh 1 at (17,32,49)
       ---------------------------------------------------------------
       Max CFL number:  0.39E-01 at (88,29,94)
       Max divergence:  0.69E-04 at (19,30,3)
       Min divergence: -0.16E-05 at (43,15,99)
       Max VN number :  0.13E+00 at (17,32,49)
 
       Time Step       10   September  2, 2026  01:50:30
       Step Size:  0.113E-01 s, Total Time:    0.11290 s
       Pressure Iterations: 1
       Maximum Velocity Error:  0.25E-04 on Mesh 1 at (140,24,46)
       Maximum Pressure Error:  0.13E-05 on Mesh 1 at (19,29,3)
       Maximum CFL Number    :  0.37E-01 on Mesh 1 at (88,29,94)
       Maximum VN Number     :  0.13E+00 on Mesh 1 at (17,32,49)
       ---------------------------------------------------------------
       Max CFL number:  0.37E-01 at (88,29,94)
       Max divergence:  0.89E-04 at (19,30,3)
       Min divergence: -0.15E-05 at (43,15,99)
       Max VN number :  0.13E+00 at (17,32,49)
 
       Time Step       20   September  2, 2026  01:50:42
       Step Size:  0.113E-01 s, Total Time:    0.22580 s
       Pressure Iterations: 1
       Maximum Velocity Error:  0.49E-05 on Mesh 1 at (107,2,46)
       Maximum Pressure Error:  0.30E-05 on Mesh 1 at (19,27,3)
       Maximum CFL Number    :  0.25E-01 on Mesh 1 at (88,29,94)
       Maximum VN Number     :  0.11E+00 on Mesh 1 at (128,9,46)
       ---------------------------------------------------------------
       Max CFL number:  0.25E-01 at (88,29,94)
       Max divergence:  0.41E-03 at (19,30,3)
       Min divergence: -0.11E-05 at (43,15,99)
       Max VN number :  0.11E+00 at (128,9,46)
 
       Time Step       30   September  2, 2026  01:50:54
       Step Size:  0.113E-01 s, Total Time:    0.33870 s
       Pressure Iterations: 1
       Maximum Velocity Error:  0.22E-05 on Mesh 1 at (104,6,48)
       Maximum Pressure Error:  0.15E-04 on Mesh 1 at (15,27,3)
       Maximum CFL Number    :  0.18E-01 on Mesh 1 at (51,25,86)
       Maximum VN Number     :  0.11E+00 on Mesh 1 at (128,9,46)
       ---------------------------------------------------------------
       Max CFL number:  0.18E-01 at (51,25,86)
       Max divergence:  0.94E-03 at (17,29,3)
       Min divergence: -0.78E-06 at (43,15,99)
       Max VN number :  0.11E+00 at (128,9,46)
 
       Time Step       40   September  2, 2026  01:51:06
       Step Size:  0.113E-01 s, Total Time:    0.45160 s
       Pressure Iterations: 1
       Maximum Velocity Error:  0.15E-05 on Mesh 1 at (107,2,46)
       Maximum Pressure Error:  0.19E-04 on Mesh 1 at (15,27,3)
       Maximum CFL Number    :  0.13E-01 on Mesh 1 at (51,25,86)
       Maximum VN Number     :  0.98E-01 on Mesh 1 at (128,9,46)
       ---------------------------------------------------------------
       Max CFL number:  0.13E-01 at (51,25,86)
       Max divergence:  0.16E-02 at (17,29,3)
       Min divergence: -0.60E-06 at (116,34,45)
       Max VN number :  0.98E-01 at (128,9,46)
 
       Time Step       50   September  2, 2026  01:51:18
       Step Size:  0.113E-01 s, Total Time:    0.56450 s
       Pressure Iterations: 1
       Maximum Velocity Error:  0.15E-05 on Mesh 1 at (140,55,46)
       Maximum Pressure Error:  0.25E-04 on Mesh 1 at (18,33,3)
       Maximum CFL Number    :  0.10E-01 on Mesh 1 at (14,7,36)
       Maximum VN Number     :  0.94E-01 on Mesh 1 at (40,23,46)
       ---------------------------------------------------------------
       Max CFL number:  0.10E-01 at (14,7,36)
       Max divergence:  0.24E-02 at (17,29,3)
       Min divergence: -0.53E-06 at (52,13,45)
       Max VN number :  0.94E-01 at (40,23,46)
 
       Time Step       60   September  2, 2026  01:51:30
       Step Size:  0.113E-01 s, Total Time:    0.67740 s
       Pressure Iterations: 1
       Maximum Velocity Error:  0.76E-06 on Mesh 1 at (140,59,46)
       Maximum Pressure Error:  0.53E-04 on Mesh 1 at (17,30,3)
       Maximum CFL Number    :  0.81E-02 on Mesh 1 at (14,7,36)
       Maximum VN Number     :  0.91E-01 on Mesh 1 at (69,60,65)
       ---------------------------------------------------------------
       Max CFL number:  0.81E-02 at (14,7,36)
       Max divergence:  0.33E-02 at (17,29,3)
       Min divergence: -0.51E-06 at (52,13,45)
       Max VN number :  0.91E-01 at (69,60,65)
 
       Time Step       70   September  2, 2026  01:51:41
       Step Size:  0.113E-01 s, Total Time:    0.79030 s
       Pressure Iterations: 1
       Maximum Velocity Error:  0.59E-06 on Mesh 1 at (140,1,46)
       Maximum Pressure Error:  0.48E-04 on Mesh 1 at (18,30,3)
       Maximum CFL Number    :  0.66E-02 on Mesh 1 at (14,7,36)
       Maximum VN Number     :  0.90E-01 on Mesh 1 at (140,16,7)
       ---------------------------------------------------------------
       Max CFL number:  0.66E-02 at (14,7,36)
       Max divergence:  0.42E-02 at (17,29,3)
       Min divergence: -0.51E-06 at (52,13,45)
       Max VN number :  0.90E-01 at (140,16,7)
 
       Time Step       80   September  2, 2026  01:51:53
       Step Size:  0.113E-01 s, Total Time:    0.90320 s
       Pressure Iterations: 1
       Maximum Velocity Error:  0.81E-06 on Mesh 1 at (2,53,48)
       Maximum Pressure Error:  0.48E-04 on Mesh 1 at (21,33,3)
       Maximum CFL Number    :  0.55E-02 on Mesh 1 at (14,7,36)
       Maximum VN Number     :  0.88E-01 on Mesh 1 at (140,16,7)
       ---------------------------------------------------------------
       Max CFL number:  0.55E-02 at (14,7,36)
       Max divergence:  0.52E-02 at (17,29,3)
       Min divergence: -0.53E-06 at (194,8,31)
       Max VN number :  0.88E-01 at (140,16,7)
 
       Time Step       90   September  2, 2026  01:52:05
       Step Size:  0.113E-01 s, Total Time:    1.01610 s
       Pressure Iterations: 1
       Maximum Velocity Error:  0.10E-05 on Mesh 1 at (15,33,2)
       Maximum Pressure Error:  0.12E-03 on Mesh 1 at (18,30,3)
       Maximum CFL Number    :  0.47E-02 on Mesh 1 at (14,7,36)
       Maximum VN Number     :  0.88E-01 on Mesh 1 at (17,32,3)
       ---------------------------------------------------------------
       Max CFL number:  0.47E-02 at (14,7,36)
       Max divergence:  0.54E-02 at (18,29,3)
       Min divergence: -0.55E-06 at (147,33,38)
       Max VN number :  0.88E-01 at (17,32,3)
 
       Time Step      100   September  2, 2026  01:52:16
       Step Size:  0.113E-01 s, Total Time:    1.12900 s
       Pressure Iterations: 1
       Maximum Velocity Error:  0.53E-06 on Mesh 1 at (17,29,2)
       Maximum Pressure Error:  0.27E-03 on Mesh 1 at (18,30,3)
       Maximum CFL Number    :  0.48E-02 on Mesh 1 at (14,29,3)
       Maximum VN Number     :  0.87E-01 on Mesh 1 at (142,26,24)
       ---------------------------------------------------------------
       Max CFL number:  0.48E-02 at (14,29,3)
       Max divergence:  0.52E-02 at (18,30,3)
       Min divergence: -0.55E-06 at (147,33,38)
       Max VN number :  0.87E-01 at (142,26,24)
 
       Time Step      200   September  2, 2026  01:54:11
       Step Size:  0.113E-01 s, Total Time:    2.25800 s
       Pressure Iterations: 1
       Maximum Velocity Error:  0.29E-05 on Mesh 1 at (18,30,2)
       Maximum Pressure Error:  0.58E-02 on Mesh 1 at (18,30,3)
       Maximum CFL Number    :  0.30E-01 on Mesh 1 at (14,30,3)
       Maximum VN Number     :  0.92E-01 on Mesh 1 at (22,30,3)
       ---------------------------------------------------------------
       Max CFL number:  0.30E-01 at (14,30,3)
       Max divergence:  0.22E-01 at (15,30,3)
       Min divergence: -0.18E-05 at (200,1,1)
       Max VN number :  0.92E-01 at (22,30,3)
 
       Time Step      300   September  2, 2026  01:56:05
       Step Size:  0.113E-01 s, Total Time:    3.38701 s
       Pressure Iterations: 1
       Maximum Velocity Error:  0.11E-05 on Mesh 1 at (21,30,2)
       Maximum Pressure Error:  0.74E-01 on Mesh 1 at (18,30,9)
       Maximum CFL Number    :  0.21E+00 on Mesh 1 at (18,30,7)
       Maximum VN Number     :  0.13E+00 on Mesh 1 at (15,30,3)
       ---------------------------------------------------------------
       Max CFL number:  0.21E+00 at (18,30,7)
       Max divergence:  0.70E-01 at (18,33,3)
       Min divergence: -0.33E-01 at (18,30,6)
       Max VN number :  0.13E+00 at (15,30,3)
 
       Time Step      400   September  2, 2026  01:57:58
       Step Size:  0.113E-01 s, Total Time:    4.51601 s
       Pressure Iterations: 1
       Maximum Velocity Error:  0.13E-05 on Mesh 1 at (17,30,46)
       Maximum Pressure Error:  0.26E+00 on Mesh 1 at (18,30,25)
       Maximum CFL Number    :  0.40E+00 on Mesh 1 at (18,30,20)
       Maximum VN Number     :  0.15E+00 on Mesh 1 at (21,30,3)
       ---------------------------------------------------------------
       Max CFL number:  0.40E+00 at (18,30,20)
       Max divergence:  0.13E+00 at (15,30,3)
       Min divergence: -0.94E-01 at (18,30,6)
       Max VN number :  0.15E+00 at (21,30,3)
 
       Time Step      500   September  2, 2026  01:59:51
       Step Size:  0.113E-01 s, Total Time:    5.64501 s
       Pressure Iterations: 1
       Maximum Velocity Error:  0.87E-03 on Mesh 1 at (18,32,46)
       Maximum Pressure Error:  0.27E+00 on Mesh 1 at (18,30,46)
       Maximum CFL Number    :  0.54E+00 on Mesh 1 at (18,30,43)
       Maximum VN Number     :  0.17E+00 on Mesh 1 at (18,30,46)
       ---------------------------------------------------------------
       Max CFL number:  0.54E+00 at (18,30,43)
       Max divergence:  0.21E+00 at (15,30,3)
       Min divergence: -0.20E+00 at (18,30,5)
       Max VN number :  0.17E+00 at (18,30,46)
 
       Time Step      600   September  2, 2026  02:01:44
       Step Size:  0.113E-01 s, Total Time:    6.77401 s
       Pressure Iterations: 1
       Maximum Velocity Error:  0.87E-04 on Mesh 1 at (18,30,46)
       Maximum Pressure Error:  0.18E+00 on Mesh 1 at (18,30,10)
       Maximum CFL Number    :  0.63E+00 on Mesh 1 at (18,30,36)
       Maximum VN Number     :  0.20E+00 on Mesh 1 at (18,30,46)
       ---------------------------------------------------------------
       Max CFL number:  0.63E+00 at (18,30,36)
       Max divergence:  0.33E+00 at (16,30,3)
       Min divergence: -0.33E+00 at (18,30,6)
       Max VN number :  0.20E+00 at (18,30,46)
 
       Time Step      700   September  2, 2026  02:03:37
       Step Size:  0.113E-01 s, Total Time:    7.90301 s
       Pressure Iterations: 1
       Maximum Velocity Error:  0.10E-03 on Mesh 1 at (18,30,46)
       Maximum Pressure Error:  0.26E+00 on Mesh 1 at (18,30,10)
       Maximum CFL Number    :  0.75E+00 on Mesh 1 at (18,30,38)
       Maximum VN Number     :  0.23E+00 on Mesh 1 at (18,30,46)
       ---------------------------------------------------------------
       Max CFL number:  0.75E+00 at (18,30,38)
       Max divergence:  0.48E+00 at (16,30,3)
       Min divergence: -0.47E+00 at (18,30,6)
       Max VN number :  0.23E+00 at (18,30,46)
 
       Time Step      800   September  2, 2026  02:05:30
       Step Size:  0.113E-01 s, Total Time:    9.03202 s
       Pressure Iterations: 1
       Maximum Velocity Error:  0.10E-03 on Mesh 1 at (18,30,46)
       Maximum Pressure Error:  0.42E+00 on Mesh 1 at (18,30,11)
       Maximum CFL Number    :  0.85E+00 on Mesh 1 at (18,30,38)
       Maximum VN Number     :  0.25E+00 on Mesh 1 at (18,30,46)
       ---------------------------------------------------------------
       Max CFL number:  0.85E+00 at (18,30,38)
       Max divergence:  0.66E+00 at (16,30,3)
       Min divergence: -0.62E+00 at (18,30,6)
       Max VN number :  0.25E+00 at (18,30,46)
 
       Time Step      900   September  2, 2026  02:07:23
       Step Size:  0.113E-01 s, Total Time:   10.16102 s
       Pressure Iterations: 1
       Maximum Velocity Error:  0.82E-04 on Mesh 1 at (17,31,46)
       Maximum Pressure Error:  0.54E+00 on Mesh 1 at (18,30,17)
       Maximum CFL Number    :  0.95E+00 on Mesh 1 at (18,30,40)
       Maximum VN Number     :  0.27E+00 on Mesh 1 at (18,30,46)
       ---------------------------------------------------------------
       Max CFL number:  0.95E+00 at (18,30,40)
       Max divergence:  0.86E+00 at (16,30,3)
       Min divergence: -0.79E+00 at (18,30,7)
       Max VN number :  0.27E+00 at (18,30,46)
 
       Time Step     1000   September  2, 2026  02:09:17
       Step Size:  0.101E-01 s, Total Time:   11.23644 s
       Pressure Iterations: 1
       Maximum Velocity Error:  0.10E-03 on Mesh 1 at (18,30,46)
       Maximum Pressure Error:  0.61E+00 on Mesh 1 at (18,30,10)
       Maximum CFL Number    :  0.93E+00 on Mesh 1 at (18,30,41)
       Maximum VN Number     :  0.26E+00 on Mesh 1 at (18,30,46)
       ---------------------------------------------------------------
       Max CFL number:  0.93E+00 at (18,30,41)
       Max divergence:  0.11E+01 at (16,30,3)
       Min divergence: -0.95E+00 at (18,30,7)
       Max VN number :  0.26E+00 at (18,30,46)
 
       Time Step     1100   September  2, 2026  02:11:11
       Step Size:  0.913E-02 s, Total Time:   12.23512 s
       Pressure Iterations: 1
       Maximum Velocity Error:  0.11E-03 on Mesh 1 at (19,29,46)
       Maximum Pressure Error:  0.65E+00 on Mesh 1 at (18,30,14)
       Maximum CFL Number    :  0.91E+00 on Mesh 1 at (18,30,40)
       Maximum VN Number     :  0.25E+00 on Mesh 1 at (18,30,46)
       ---------------------------------------------------------------
       Max CFL number:  0.91E+00 at (18,30,40)
       Max divergence:  0.13E+01 at (16,30,3)
       Min divergence: -0.11E+01 at (18,30,7)
       Max VN number :  0.25E+00 at (18,30,46)
 
       Time Step     1200   September  2, 2026  02:13:04
       Step Size:  0.913E-02 s, Total Time:   13.14817 s
       Pressure Iterations: 1
       Maximum Velocity Error:  0.14E-03 on Mesh 1 at (18,29,46)
       Maximum Pressure Error:  0.67E+00 on Mesh 1 at (18,30,9)
       Maximum CFL Number    :  0.97E+00 on Mesh 1 at (18,30,40)
       Maximum VN Number     :  0.26E+00 on Mesh 1 at (18,30,46)
       ---------------------------------------------------------------
       Max CFL number:  0.97E+00 at (18,30,40)
       Max divergence:  0.15E+01 at (16,30,3)
       Min divergence: -0.13E+01 at (18,30,7)
       Max VN number :  0.26E+00 at (18,30,46)
 
       Time Step     1300   September  2, 2026  02:14:58
       Step Size:  0.821E-02 s, Total Time:   14.01430 s
       Pressure Iterations: 1
       Maximum Velocity Error:  0.62E-04 on Mesh 1 at (16,30,46)
       Maximum Pressure Error:  0.99E+00 on Mesh 1 at (18,29,9)
       Maximum CFL Number    :  0.92E+00 on Mesh 1 at (18,30,40)
       Maximum VN Number     :  0.25E+00 on Mesh 1 at (18,30,46)
       ---------------------------------------------------------------
       Max CFL number:  0.92E+00 at (18,30,40)
       Max divergence:  0.17E+01 at (16,30,3)
       Min divergence: -0.15E+01 at (18,30,7)
       Max VN number :  0.25E+00 at (18,30,46)
 
       Time Step     1400   September  2, 2026  02:16:50
       Step Size:  0.821E-02 s, Total Time:   14.83533 s
       Pressure Iterations: 1
       Maximum Velocity Error:  0.13E-03 on Mesh 1 at (17,30,46)
       Maximum Pressure Error:  0.99E+00 on Mesh 1 at (18,30,13)
       Maximum CFL Number    :  0.96E+00 on Mesh 1 at (18,30,41)
       Maximum VN Number     :  0.26E+00 on Mesh 1 at (18,30,46)
       ---------------------------------------------------------------
       Max CFL number:  0.96E+00 at (18,30,41)
       Max divergence:  0.19E+01 at (16,30,3)
       Min divergence: -0.16E+01 at (18,30,7)
       Max VN number :  0.26E+00 at (18,30,46)
 
       Time Step     1500   September  2, 2026  02:18:44
       Step Size:  0.821E-02 s, Total Time:   15.65637 s
       Pressure Iterations: 1
       Maximum Velocity Error:  0.11E-03 on Mesh 1 at (17,28,46)
       Maximum Pressure Error:  0.11E+01 on Mesh 1 at (18,30,36)
       Maximum CFL Number    :  0.99E+00 on Mesh 1 at (18,30,41)
       Maximum VN Number     :  0.26E+00 on Mesh 1 at (18,30,46)
       ---------------------------------------------------------------
       Max CFL number:  0.99E+00 at (18,30,41)
       Max divergence:  0.21E+01 at (16,30,3)
       Min divergence: -0.18E+01 at (18,30,7)
       Max VN number :  0.26E+00 at (18,30,46)
 
       Time Step     1600   September  2, 2026  02:20:37
       Step Size:  0.739E-02 s, Total Time:   16.40255 s
       Pressure Iterations: 1
       Maximum Velocity Error:  0.16E-03 on Mesh 1 at (17,30,46)
       Maximum Pressure Error:  0.11E+01 on Mesh 1 at (17,30,46)
       Maximum CFL Number    :  0.93E+00 on Mesh 1 at (18,30,40)
       Maximum VN Number     :  0.25E+00 on Mesh 1 at (18,30,46)
       ---------------------------------------------------------------
       Max CFL number:  0.93E+00 at (18,30,40)
       Max divergence:  0.24E+01 at (16,30,3)
       Min divergence: -0.20E+01 at (18,30,7)
       Max VN number :  0.25E+00 at (18,30,46)
 
       Time Step     1700   September  2, 2026  02:22:29
       Step Size:  0.739E-02 s, Total Time:   17.14133 s
       Pressure Iterations: 1
       Maximum Velocity Error:  0.65E-04 on Mesh 1 at (17,28,46)
       Maximum Pressure Error:  0.30E+01 on Mesh 1 at (18,30,11)
       Maximum CFL Number    :  0.96E+00 on Mesh 1 at (18,30,41)
       Maximum VN Number     :  0.25E+00 on Mesh 1 at (18,30,46)
       ---------------------------------------------------------------
       Max CFL number:  0.96E+00 at (18,30,41)
       Max divergence:  0.26E+01 at (16,30,3)
       Min divergence: -0.21E+01 at (18,30,7)
       Max VN number :  0.25E+00 at (18,30,46)
 
       Time Step     1800   September  2, 2026  02:26:05
       Step Size:  0.739E-02 s, Total Time:   17.88011 s
       Pressure Iterations: 1
       Maximum Velocity Error:  0.26E-03 on Mesh 1 at (19,29,46)
       Maximum Pressure Error:  0.16E+01 on Mesh 1 at (18,30,10)
       Maximum CFL Number    :  0.99E+00 on Mesh 1 at (18,30,41)
       Maximum VN Number     :  0.26E+00 on Mesh 1 at (17,30,46)
       ---------------------------------------------------------------
       Max CFL number:  0.99E+00 at (18,30,41)
       Max divergence:  0.28E+01 at (16,30,3)
       Min divergence: -0.23E+01 at (18,30,7)
       Max VN number :  0.26E+00 at (17,30,46)
 
       Time Step     1900   September  2, 2026  02:32:32
       Step Size:  0.665E-02 s, Total Time:   18.57894 s
       Pressure Iterations: 1
       Maximum Velocity Error:  0.70E-03 on Mesh 1 at (19,31,46)
       Maximum Pressure Error:  0.39E+01 on Mesh 1 at (19,31,46)
       Maximum CFL Number    :  0.91E+00 on Mesh 1 at (17,30,40)
       Maximum VN Number     :  0.24E+00 on Mesh 1 at (18,30,46)
       ---------------------------------------------------------------
       Max CFL number:  0.91E+00 at (17,30,40)
       Max divergence:  0.30E+01 at (16,30,3)
       Min divergence: -0.25E+01 at (18,30,7)
       Max VN number :  0.24E+00 at (18,30,46)
 
       Time Step     2000   September  2, 2026  02:40:26
       Step Size:  0.665E-02 s, Total Time:   19.24372 s
       Pressure Iterations: 1
       Maximum Velocity Error:  0.33E-03 on Mesh 1 at (17,36,46)
       Maximum Pressure Error:  0.25E+01 on Mesh 1 at (18,31,11)
       Maximum CFL Number    :  0.93E+00 on Mesh 1 at (17,30,40)
       Maximum VN Number     :  0.25E+00 on Mesh 1 at (18,30,46)
       ---------------------------------------------------------------
       Max CFL number:  0.93E+00 at (17,30,40)
       Max divergence:  0.32E+01 at (16,30,3)
       Min divergence: -0.26E+01 at (18,30,7)
       Max VN number :  0.25E+00 at (18,30,46)
 
       Time Step     2100   September  2, 2026  02:48:28
       Step Size:  0.665E-02 s, Total Time:   19.90850 s
       Pressure Iterations: 2
       Maximum Velocity Error:  0.42E-03 on Mesh 1 at (19,31,46)
       Maximum Pressure Error:  0.12E+02 on Mesh 1 at (19,31,46)
       Maximum CFL Number    :  0.96E+00 on Mesh 1 at (17,30,40)
       Maximum VN Number     :  0.25E+00 on Mesh 1 at (17,30,46)
       ---------------------------------------------------------------
       Max CFL number:  0.96E+00 at (17,30,40)
       Max divergence:  0.35E+01 at (16,30,3)
       Min divergence: -0.28E+01 at (18,30,7)
       Max VN number :  0.25E+00 at (17,30,46)
 
       Time Step     2200   September  2, 2026  02:56:57
       Step Size:  0.665E-02 s, Total Time:   20.57328 s
       Pressure Iterations: 2
       Maximum Velocity Error:  0.70E-03 on Mesh 1 at (19,31,46)
       Maximum Pressure Error:  0.41E+02 on Mesh 1 at (19,31,42)
       Maximum CFL Number    :  0.10E+01 on Mesh 1 at (17,30,41)
       Maximum VN Number     :  0.27E+00 on Mesh 1 at (18,30,46)
       ---------------------------------------------------------------
       Max CFL number:  0.10E+01 at (17,30,41)
       Max divergence:  0.37E+01 at (16,30,3)
       Min divergence: -0.29E+01 at (18,30,7)
       Max VN number :  0.27E+00 at (18,30,46)
 
       Time Step     2300   September  2, 2026  10:47:15
       Step Size:  0.598E-02 s, Total Time:   21.18034 s
       Pressure Iterations: 2
       Maximum Velocity Error:  0.55E-03 on Mesh 1 at (19,31,46)
       Maximum Pressure Error:  0.34E+02 on Mesh 1 at (19,31,35)
       Maximum CFL Number    :  0.91E+00 on Mesh 1 at (17,30,40)
       Maximum VN Number     :  0.26E+00 on Mesh 1 at (18,30,46)
       ---------------------------------------------------------------
       Max CFL number:  0.91E+00 at (17,30,40)
       Max divergence:  0.39E+01 at (16,30,3)
       Min divergence: -0.31E+01 at (18,30,7)
       Max VN number :  0.26E+00 at (18,30,46)
 
       Time Step     2400   September  2, 2026  10:49:13
       Step Size:  0.598E-02 s, Total Time:   21.77801 s
       Pressure Iterations: 2
       Maximum Velocity Error:  0.55E-03 on Mesh 1 at (18,28,46)
       Maximum Pressure Error:  0.40E+02 on Mesh 1 at (19,31,33)
       Maximum CFL Number    :  0.93E+00 on Mesh 1 at (17,30,38)
       Maximum VN Number     :  0.27E+00 on Mesh 1 at (18,30,46)
       ---------------------------------------------------------------
       Max CFL number:  0.93E+00 at (17,30,38)
       Max divergence:  0.41E+01 at (16,30,3)
       Min divergence: -0.32E+01 at (18,30,7)
       Max VN number :  0.27E+00 at (18,30,46)
 
       Time Step     2500   September  2, 2026  10:51:27
       Step Size:  0.598E-02 s, Total Time:   22.37568 s
       Pressure Iterations: 2
       Maximum Velocity Error:  0.77E-03 on Mesh 1 at (16,31,46)
       Maximum Pressure Error:  0.45E+02 on Mesh 1 at (19,31,31)
       Maximum CFL Number    :  0.94E+00 on Mesh 1 at (17,30,39)
       Maximum VN Number     :  0.26E+00 on Mesh 1 at (18,30,46)
       ---------------------------------------------------------------
       Max CFL number:  0.94E+00 at (17,30,39)
       Max divergence:  0.43E+01 at (16,30,3)
       Min divergence: -0.34E+01 at (18,30,7)
       Max VN number :  0.26E+00 at (18,30,46)
 
       Time Step     2600   September  2, 2026  10:53:29
       Step Size:  0.598E-02 s, Total Time:   22.97335 s
       Pressure Iterations: 2
       Maximum Velocity Error:  0.11E-02 on Mesh 1 at (18,28,46)
       Maximum Pressure Error:  0.59E+02 on Mesh 1 at (18,28,46)
       Maximum CFL Number    :  0.96E+00 on Mesh 1 at (17,30,39)
       Maximum VN Number     :  0.26E+00 on Mesh 1 at (18,30,46)
       ---------------------------------------------------------------
       Max CFL number:  0.96E+00 at (17,30,39)
       Max divergence:  0.45E+01 at (16,30,3)
       Min divergence: -0.36E+01 at (18,30,7)
       Max VN number :  0.26E+00 at (18,30,46)
 
       Time Step     2700   September  2, 2026  10:55:32
       Step Size:  0.598E-02 s, Total Time:   23.57102 s
       Pressure Iterations: 2
       Maximum Velocity Error:  0.14E-02 on Mesh 1 at (16,31,46)
       Maximum Pressure Error:  0.85E+02 on Mesh 1 at (16,31,36)
       Maximum CFL Number    :  0.98E+00 on Mesh 1 at (17,30,38)
       Maximum VN Number     :  0.26E+00 on Mesh 1 at (18,30,46)
       ---------------------------------------------------------------
       Max CFL number:  0.98E+00 at (17,30,38)
       Max divergence:  0.48E+01 at (16,30,3)
       Min divergence: -0.37E+01 at (18,30,7)
       Max VN number :  0.26E+00 at (18,30,46)
 
       Time Step     2800   September  2, 2026  10:57:32
       Step Size:  0.536E-02 s, Total Time:   24.10902 s
       Pressure Iterations: 2
       Maximum Velocity Error:  0.13E-02 on Mesh 1 at (16,31,46)
       Maximum Pressure Error:  0.72E+02 on Mesh 1 at (16,31,46)
       Maximum CFL Number    :  0.89E+00 on Mesh 1 at (17,30,33)
       Maximum VN Number     :  0.24E+00 on Mesh 1 at (18,30,46)
       ---------------------------------------------------------------
       Max CFL number:  0.89E+00 at (17,30,33)
       Max divergence:  0.50E+01 at (16,30,3)
       Min divergence: -0.39E+01 at (18,30,7)
       Max VN number :  0.24E+00 at (18,30,46)
 
       Time Step     2900   September  2, 2026  10:59:38
       Step Size:  0.536E-02 s, Total Time:   24.64518 s
       Pressure Iterations: 2
       Maximum Velocity Error:  0.16E-02 on Mesh 1 at (16,31,46)
       Maximum Pressure Error:  0.85E+02 on Mesh 1 at (16,31,46)
       Maximum CFL Number    :  0.90E+00 on Mesh 1 at (17,30,33)
       Maximum VN Number     :  0.24E+00 on Mesh 1 at (18,30,46)
       ---------------------------------------------------------------
       Max CFL number:  0.90E+00 at (17,30,33)
       Max divergence:  0.52E+01 at (16,30,3)
       Min divergence: -0.40E+01 at (18,30,7)
       Max VN number :  0.24E+00 at (18,30,46)
 
       Time Step     3000   September  2, 2026  11:02:02
       Step Size:  0.536E-02 s, Total Time:   25.18134 s
       Pressure Iterations: 2
       Maximum Velocity Error:  0.13E-02 on Mesh 1 at (18,33,46)
       Maximum Pressure Error:  0.96E+02 on Mesh 1 at (16,31,36)
       Maximum CFL Number    :  0.92E+00 on Mesh 1 at (17,30,33)
       Maximum VN Number     :  0.25E+00 on Mesh 1 at (18,30,46)
       ---------------------------------------------------------------
       Max CFL number:  0.92E+00 at (17,30,33)
       Max divergence:  0.53E+01 at (16,30,3)
       Min divergence: -0.41E+01 at (18,30,7)
       Max VN number :  0.25E+00 at (18,30,46)
 
       Time Step     3100   September  2, 2026  11:04:16
       Step Size:  0.536E-02 s, Total Time:   25.71750 s
       Pressure Iterations: 2
       Maximum Velocity Error:  0.11E-02 on Mesh 1 at (16,31,46)
       Maximum Pressure Error:  0.12E+03 on Mesh 1 at (16,31,37)
       Maximum CFL Number    :  0.92E+00 on Mesh 1 at (17,30,34)
       Maximum VN Number     :  0.25E+00 on Mesh 1 at (18,30,46)
       ---------------------------------------------------------------
       Max CFL number:  0.92E+00 at (17,30,34)
       Max divergence:  0.53E+01 at (16,30,3)
       Min divergence: -0.41E+01 at (18,30,7)
       Max VN number :  0.25E+00 at (18,30,46)
 
       Time Step     3200   September  2, 2026  11:06:34
       Step Size:  0.536E-02 s, Total Time:   26.25366 s
       Pressure Iterations: 2
       Maximum Velocity Error:  0.10E-02 on Mesh 1 at (17,31,46)
       Maximum Pressure Error:  0.94E+02 on Mesh 1 at (16,31,38)
       Maximum CFL Number    :  0.94E+00 on Mesh 1 at (17,30,39)
       Maximum VN Number     :  0.25E+00 on Mesh 1 at (18,30,46)
       ---------------------------------------------------------------
       Max CFL number:  0.94E+00 at (17,30,39)
       Max divergence:  0.53E+01 at (16,30,3)
       Min divergence: -0.41E+01 at (18,30,7)
       Max VN number :  0.25E+00 at (18,30,46)
 
       Time Step     3300   September  2, 2026  11:08:44
       Step Size:  0.536E-02 s, Total Time:   26.78982 s
       Pressure Iterations: 2
       Maximum Velocity Error:  0.14E-02 on Mesh 1 at (16,29,46)
       Maximum Pressure Error:  0.98E+02 on Mesh 1 at (16,31,39)
       Maximum CFL Number    :  0.92E+00 on Mesh 1 at (17,30,40)
       Maximum VN Number     :  0.25E+00 on Mesh 1 at (18,30,46)
       ---------------------------------------------------------------
       Max CFL number:  0.92E+00 at (17,30,40)
       Max divergence:  0.53E+01 at (16,30,3)
       Min divergence: -0.41E+01 at (18,30,7)
       Max VN number :  0.25E+00 at (18,30,46)
 
       Time Step     3400   September  2, 2026  11:10:43
       Step Size:  0.536E-02 s, Total Time:   27.32597 s
       Pressure Iterations: 2
       Maximum Velocity Error:  0.13E-02 on Mesh 1 at (16,29,46)
       Maximum Pressure Error:  0.11E+03 on Mesh 1 at (16,31,40)
       Maximum CFL Number    :  0.91E+00 on Mesh 1 at (17,30,37)
       Maximum VN Number     :  0.25E+00 on Mesh 1 at (18,30,46)
       ---------------------------------------------------------------
       Max CFL number:  0.91E+00 at (17,30,37)
       Max divergence:  0.53E+01 at (16,30,3)
       Min divergence: -0.41E+01 at (18,30,7)
       Max VN number :  0.25E+00 at (18,30,46)
 
       Time Step     3500   September  2, 2026  11:12:48
       Step Size:  0.536E-02 s, Total Time:   27.86213 s
       Pressure Iterations: 2
       Maximum Velocity Error:  0.11E-02 on Mesh 1 at (16,29,46)
       Maximum Pressure Error:  0.92E+02 on Mesh 1 at (16,29,35)
       Maximum CFL Number    :  0.92E+00 on Mesh 1 at (17,30,42)
       Maximum VN Number     :  0.25E+00 on Mesh 1 at (18,30,46)
       ---------------------------------------------------------------
       Max CFL number:  0.92E+00 at (17,30,42)
       Max divergence:  0.53E+01 at (16,30,3)
       Min divergence: -0.41E+01 at (18,30,7)
       Max VN number :  0.25E+00 at (18,30,46)
 
       Time Step     3600   September  2, 2026  11:14:50
       Step Size:  0.536E-02 s, Total Time:   28.39829 s
       Pressure Iterations: 2
       Maximum Velocity Error:  0.11E-02 on Mesh 1 at (18,28,46)
       Maximum Pressure Error:  0.93E+02 on Mesh 1 at (16,29,35)
       Maximum CFL Number    :  0.92E+00 on Mesh 1 at (17,30,41)
       Maximum VN Number     :  0.25E+00 on Mesh 1 at (18,30,46)
       ---------------------------------------------------------------
       Max CFL number:  0.92E+00 at (17,30,41)
       Max divergence:  0.53E+01 at (16,30,3)
       Min divergence: -0.41E+01 at (18,30,7)
       Max VN number :  0.25E+00 at (18,30,46)
 
       Time Step     3700   September  2, 2026  11:17:09
       Step Size:  0.536E-02 s, Total Time:   28.93445 s
       Pressure Iterations: 2
       Maximum Velocity Error:  0.12E-02 on Mesh 1 at (18,28,46)
       Maximum Pressure Error:  0.88E+02 on Mesh 1 at (16,29,35)
       Maximum CFL Number    :  0.92E+00 on Mesh 1 at (17,30,41)
       Maximum VN Number     :  0.25E+00 on Mesh 1 at (18,30,46)
       ---------------------------------------------------------------
       Max CFL number:  0.92E+00 at (17,30,41)
       Max divergence:  0.53E+01 at (16,30,3)
       Min divergence: -0.41E+01 at (18,30,7)
       Max VN number :  0.25E+00 at (18,30,46)
 
       Time Step     3800   September  2, 2026  11:19:29
       Step Size:  0.536E-02 s, Total Time:   29.47061 s
       Pressure Iterations: 2
       Maximum Velocity Error:  0.13E-02 on Mesh 1 at (18,28,46)
       Maximum Pressure Error:  0.95E+02 on Mesh 1 at (16,31,41)
       Maximum CFL Number    :  0.92E+00 on Mesh 1 at (17,30,41)
       Maximum VN Number     :  0.25E+00 on Mesh 1 at (18,30,46)
       ---------------------------------------------------------------
       Max CFL number:  0.92E+00 at (17,30,41)
       Max divergence:  0.53E+01 at (16,30,3)
       Min divergence: -0.41E+01 at (18,30,7)
       Max VN number :  0.25E+00 at (18,30,46)
 
       Time Step     3900   September  2, 2026  11:21:58
       Step Size:  0.536E-02 s, Total Time:   30.00677 s
       Pressure Iterations: 2
       Maximum Velocity Error:  0.12E-02 on Mesh 1 at (18,28,46)
       Maximum Pressure Error:  0.11E+03 on Mesh 1 at (16,31,41)
       Maximum CFL Number    :  0.92E+00 on Mesh 1 at (17,30,41)
       Maximum VN Number     :  0.25E+00 on Mesh 1 at (18,30,46)
       ---------------------------------------------------------------
       Max CFL number:  0.92E+00 at (17,30,41)
       Max divergence:  0.53E+01 at (16,30,3)
       Min divergence: -0.41E+01 at (18,30,7)
       Max VN number :  0.25E+00 at (18,30,46)
 
       Time Step     4000   September  2, 2026  11:24:03
       Step Size:  0.536E-02 s, Total Time:   30.54293 s
       Pressure Iterations: 2
       Maximum Velocity Error:  0.11E-02 on Mesh 1 at (18,32,46)
       Maximum Pressure Error:  0.81E+02 on Mesh 1 at (18,28,40)
       Maximum CFL Number    :  0.92E+00 on Mesh 1 at (17,30,39)
       Maximum VN Number     :  0.25E+00 on Mesh 1 at (18,30,46)
       ---------------------------------------------------------------
       Max CFL number:  0.92E+00 at (17,30,39)
       Max divergence:  0.53E+01 at (16,30,3)
       Min divergence: -0.41E+01 at (18,30,7)
       Max VN number :  0.25E+00 at (18,30,46)
 
       Time Step     4100   September  2, 2026  11:26:02
       Step Size:  0.536E-02 s, Total Time:   31.07909 s
       Pressure Iterations: 2
       Maximum Velocity Error:  0.14E-02 on Mesh 1 at (16,29,46)
       Maximum Pressure Error:  0.90E+02 on Mesh 1 at (16,31,42)
       Maximum CFL Number    :  0.92E+00 on Mesh 1 at (17,30,39)
       Maximum VN Number     :  0.25E+00 on Mesh 1 at (18,30,46)
       ---------------------------------------------------------------
       Max CFL number:  0.92E+00 at (17,30,39)
       Max divergence:  0.53E+01 at (16,30,3)
       Min divergence: -0.41E+01 at (18,30,7)
       Max VN number :  0.25E+00 at (18,30,46)
 
       Time Step     4200   September  2, 2026  11:28:02
       Step Size:  0.536E-02 s, Total Time:   31.61524 s
       Pressure Iterations: 2
       Maximum Velocity Error:  0.13E-02 on Mesh 1 at (18,32,46)
       Maximum Pressure Error:  0.90E+02 on Mesh 1 at (16,29,38)
       Maximum CFL Number    :  0.92E+00 on Mesh 1 at (17,30,37)
       Maximum VN Number     :  0.25E+00 on Mesh 1 at (18,30,46)
       ---------------------------------------------------------------
       Max CFL number:  0.92E+00 at (17,30,37)
       Max divergence:  0.53E+01 at (16,30,3)
       Min divergence: -0.41E+01 at (18,30,7)
       Max VN number :  0.25E+00 at (18,30,46)
 
       Time Step     4300   September  2, 2026  11:30:09
       Step Size:  0.536E-02 s, Total Time:   32.15140 s
       Pressure Iterations: 2
       Maximum Velocity Error:  0.94E-03 on Mesh 1 at (18,33,46)
       Maximum Pressure Error:  0.82E+02 on Mesh 1 at (16,29,39)
       Maximum CFL Number    :  0.92E+00 on Mesh 1 at (17,30,37)
       Maximum VN Number     :  0.24E+00 on Mesh 1 at (18,30,46)
       ---------------------------------------------------------------
       Max CFL number:  0.92E+00 at (17,30,37)
       Max divergence:  0.53E+01 at (16,30,3)
       Min divergence: -0.41E+01 at (18,30,7)
       Max VN number :  0.24E+00 at (18,30,46)
 
       Time Step     4400   September  2, 2026  11:32:12
       Step Size:  0.536E-02 s, Total Time:   32.68756 s
       Pressure Iterations: 2
       Maximum Velocity Error:  0.81E-03 on Mesh 1 at (18,33,46)
       Maximum Pressure Error:  0.68E+02 on Mesh 1 at (16,31,34)
       Maximum CFL Number    :  0.92E+00 on Mesh 1 at (17,30,38)
       Maximum VN Number     :  0.24E+00 on Mesh 1 at (18,30,46)
       ---------------------------------------------------------------
       Max CFL number:  0.92E+00 at (17,30,38)
       Max divergence:  0.53E+01 at (16,30,3)
       Min divergence: -0.41E+01 at (18,30,7)
       Max VN number :  0.24E+00 at (18,30,46)
 
       Time Step     4500   September  2, 2026  11:34:43
       Step Size:  0.536E-02 s, Total Time:   33.22372 s
       Pressure Iterations: 2
       Maximum Velocity Error:  0.11E-02 on Mesh 1 at (16,31,46)
       Maximum Pressure Error:  0.93E+02 on Mesh 1 at (16,31,34)
       Maximum CFL Number    :  0.94E+00 on Mesh 1 at (17,30,39)
       Maximum VN Number     :  0.24E+00 on Mesh 1 at (18,30,46)
       ---------------------------------------------------------------
       Max CFL number:  0.94E+00 at (17,30,39)
       Max divergence:  0.53E+01 at (16,30,3)
       Min divergence: -0.41E+01 at (18,30,7)
       Max VN number :  0.24E+00 at (18,30,46)
 
       Time Step     4600   September  2, 2026  11:37:25
       Step Size:  0.536E-02 s, Total Time:   33.75988 s
       Pressure Iterations: 2
       Maximum Velocity Error:  0.12E-02 on Mesh 1 at (16,31,46)
       Maximum Pressure Error:  0.70E+02 on Mesh 1 at (16,31,35)
       Maximum CFL Number    :  0.93E+00 on Mesh 1 at (17,30,39)
       Maximum VN Number     :  0.24E+00 on Mesh 1 at (18,30,46)
       ---------------------------------------------------------------
       Max CFL number:  0.93E+00 at (17,30,39)
       Max divergence:  0.53E+01 at (16,30,3)
       Min divergence: -0.41E+01 at (18,30,7)
       Max VN number :  0.24E+00 at (18,30,46)
 
       Time Step     4700   September  2, 2026  11:39:42
       Step Size:  0.536E-02 s, Total Time:   34.29604 s
       Pressure Iterations: 2
       Maximum Velocity Error:  0.10E-02 on Mesh 1 at (16,31,46)
       Maximum Pressure Error:  0.10E+03 on Mesh 1 at (16,31,35)
       Maximum CFL Number    :  0.93E+00 on Mesh 1 at (17,30,41)
       Maximum VN Number     :  0.24E+00 on Mesh 1 at (18,30,46)
       ---------------------------------------------------------------
       Max CFL number:  0.93E+00 at (17,30,41)
       Max divergence:  0.53E+01 at (16,30,3)
       Min divergence: -0.41E+01 at (18,30,7)
       Max VN number :  0.24E+00 at (18,30,46)
 
       Time Step     4800   September  2, 2026  11:42:00
       Step Size:  0.536E-02 s, Total Time:   34.83220 s
       Pressure Iterations: 2
       Maximum Velocity Error:  0.73E-03 on Mesh 1 at (16,31,46)
       Maximum Pressure Error:  0.10E+03 on Mesh 1 at (16,31,35)
       Maximum CFL Number    :  0.92E+00 on Mesh 1 at (17,30,41)
       Maximum VN Number     :  0.24E+00 on Mesh 1 at (18,30,46)
       ---------------------------------------------------------------
       Max CFL number:  0.92E+00 at (17,30,41)
       Max divergence:  0.53E+01 at (16,30,3)
       Min divergence: -0.41E+01 at (18,30,7)
       Max VN number :  0.24E+00 at (18,30,46)
 
       Time Step     4900   September  2, 2026  11:44:14
       Step Size:  0.536E-02 s, Total Time:   35.36836 s
       Pressure Iterations: 2
       Maximum Velocity Error:  0.69E-03 on Mesh 1 at (17,32,46)
       Maximum Pressure Error:  0.98E+02 on Mesh 1 at (16,31,35)
       Maximum CFL Number    :  0.92E+00 on Mesh 1 at (17,30,42)
       Maximum VN Number     :  0.24E+00 on Mesh 1 at (18,30,46)
       ---------------------------------------------------------------
       Max CFL number:  0.92E+00 at (17,30,42)
       Max divergence:  0.54E+01 at (16,30,3)
       Min divergence: -0.41E+01 at (18,30,7)
       Max VN number :  0.24E+00 at (18,30,46)
 
